// Jest Snapshot v1, https://goo.gl/fbAQLP

exports[`matches snapshot 1`] = `
<DocumentFragment>
  <div
    class="App"
  >
    <div
      class="TodoList"
    >
      <h2>
        Todo List
      </h2>
      <form>
        <label
          for="text"
        >
          Todo item
        </label>
        <input
          id="text"
          name="text"
          placeholder="todo"
          value=""
        />
        <button>
          Add
        </button>
      </form>
      <ul />
    </div>
  </div>
</DocumentFragment>
`;
